=== verify.ps1: build.ps1 ===
==> building the native DLLs (hardened, legacy, fast)
'vswhere.exe' is not recognized as an internal or external command,
operable program or batch file.
-- Configuring done (0.1s)
-- Generating done (0.1s)
-- Build files have been written to: C:/Users/rukwaropaul/Downloads/DEV/_portfolio-repo/Paul-Professional-Projects/projects/dotnet-azure-modernization/35-crown-jewels-bridge/native/build
ninja: no work to do.
==> building the managed solution

Build succeeded.
    0 Warning(s)
    0 Error(s)

Time Elapsed 00:00:01.89
==> build complete
=== verify.ps1: test.ps1 ===

==============================================================================
  stage 1 -- the three DLLs exist and are actually different
==============================================================================
  pricing.dll          882d78ceed230e29  70,144 bytes
  pricing_legacy.dll   e30be1278fa03912  60,416 bytes
  pricing_fast.dll     f32936edc509c0c7  69,120 bytes
  three distinct binaries

==============================================================================
  stage 2 -- native self-test
==============================================================================
  native selftest: 129 checks, 0 failures

==============================================================================
  stage 3 -- managed build
==============================================================================
  clean, no warnings

==============================================================================
  stage 4 -- tests
==============================================================================
  180 managed tests, 129 native checks

==============================================================================
  stage 5 -- the report still says what it says
==============================================================================
  9466 bytes, byte-identical after regeneration
  control group held (150 of 150 legal inputs accepted)

==============================================================================
  stage 6 -- mutation: would the suite notice if the boundary stopped guarding?
==============================================================================
==> building the native DLLs (hardened, legacy, fast)
==> building the managed solution
    skipped (-NativeOnly)
==> build complete
  killed    the zero-step lattice, which returns 0.0 for an option worth 0.91 and reports success
==> building the native DLLs (hardened, legacy, fast)
==> building the managed solution
    skipped (-NativeOnly)
==> build complete
  killed    the batch capacity check, which is the 63-slot heap overwrite
==> building the native DLLs (hardened, legacy, fast)
==> building the managed solution
    skipped (-NativeOnly)
==> build complete
  killed    the negative-volatility theorem: a sign error prices the opposite instrument, bookably
==> building the native DLLs (hardened, legacy, fast)
==> building the managed solution
    skipped (-NativeOnly)
==> build complete
  killed    negative time to expiry, which prices an option that already knows its own outcome
==> building the native DLLs (hardened, legacy, fast)
==> building the managed solution
    skipped (-NativeOnly)
==> build complete
  killed    the moneyness check, so strike 1e300 returns exactly 0.0 and looks plausible
==> building the native DLLs (hardened, legacy, fast)
==> building the managed solution
    skipped (-NativeOnly)
==> build complete
  killed    the finiteness check on spot, so a NaN feed reaches the arithmetic
==> building the native DLLs (hardened, legacy, fast)
==> building the managed solution
    skipped (-NativeOnly)
==> build complete
  6/6 killed

==============================================================================
  stage 7 -- secrets
==============================================================================
  54 files scanned, nothing found

==============================================================================
  all 7 stages passed -- 309 tests, 6/6 mutations killed, 286.3s
==============================================================================
