=== verify.ps1: build.ps1 ===
==> .NET SDK 10.0.400
==> building AuthCoexistence.slnx

Build succeeded.
    0 Warning(s)
    0 Error(s)

Time Elapsed 00:00:04.05
==> build complete
=== verify.ps1: test.ps1 ===

==============================================================================
  stage 1 -- build is clean
==============================================================================
  clean, no warnings

==============================================================================
  stage 2 -- cryptographic primitives against published vectors
==============================================================================
  47 vector and property checks

==============================================================================
  stage 3 -- full suite
==============================================================================
  284 tests

==============================================================================
  stage 4 -- the report still says what it says
==============================================================================
  12977 bytes, byte-identical after regeneration
  headline claims present (592 -> 16 -> 0, 72 counterexamples)
  every divergence is an escalation (592 of them, 0 lockouts)
  14 predictions declared, 14 scored

==============================================================================
  stage 5 -- mutation: would the suite notice if the guarantees were removed?
==============================================================================
  killed    the segregation-of-duties clause on the ledger -- the source of most of the 72 counterexamples
  killed    the Temp exclusion on user management, so adding Temp stops removing an ability
  killed    the deny row that takes the ledger away from an auditor -- the 592-to-16 reduction
  killed    deny-wins resolution, so the negative channel is carried but never consulted
  killed    the missing-exp rejection: a token with no expiry becomes a token that never expires
  killed    the off-by-one in the variable-length hash: every Argon2 tag in the fleet changes
  6/6 killed

==============================================================================
  stage 6 -- secrets
==============================================================================
  55 files scanned (42 production), nothing found

==============================================================================
  all 6 stages passed -- 284 tests, 6/6 mutations killed, 426.7s
==============================================================================
