
=== gofmt ===
clean

=== build ===

=== vet ===

=== tests ===
ok  	evolve/backfill	0.673s
ok  	evolve/cmd/evolve	33.087s
ok  	evolve/ddl	0.729s
ok  	evolve/lint	0.762s
ok  	evolve/locks	0.695s
ok  	evolve/plan	0.731s
ok  	evolve/report	0.667s
ok  	evolve/sim	2.072s

=== mutation sanity ===
mutation detected

=== report reproducibility ===
=== RUN   TestResultsAreReproducible
--- PASS: TestResultsAreReproducible (16.26s)
PASS
ok  	evolve/cmd/evolve	16.507s

=== prediction integrity ===
=== RUN   TestEveryPredictionIsAdjudicated
--- PASS: TestEveryPredictionIsAdjudicated (16.54s)
=== RUN   TestContradictionsSurvive
    results_integrity_test.go:89: 13 held, 1 contradicted
--- PASS: TestContradictionsSurvive (16.42s)
PASS
ok  	evolve/cmd/evolve	33.225s

=== report tally ===
wrote docs/results.md
sha256/16 8d4ce92ce5920ce2
predictions 14: 13 held, 1 contradicted

all stages passed
