test_batch_preserves_untouched_fields_byte_for_byte (tests.test_corpus.TestArithmetic.test_batch_preserves_untouched_fields_byte_for_byte) ... ok
test_batch_with_canonical_signs_damages_unrelated_fields (tests.test_corpus.TestArithmetic.test_batch_with_canonical_signs_damages_unrelated_fields) ... ok
test_experiment_shape (tests.test_corpus.TestArithmetic.test_experiment_shape) ... ok
test_floor_agrees_on_positives_and_differs_on_negatives (tests.test_corpus.TestArithmetic.test_floor_agrees_on_positives_and_differs_on_negatives) ... ok
test_mainframe_truncates_toward_zero (tests.test_corpus.TestArithmetic.test_mainframe_truncates_toward_zero) ... ok
test_byte_exact_round_trip_over_a_dirty_corpus (tests.test_corpus.TestCorpusRoundTrip.test_byte_exact_round_trip_over_a_dirty_corpus) ... ok
test_canonical_reemission_changes_the_file (tests.test_corpus.TestCorpusRoundTrip.test_canonical_reemission_changes_the_file) ... ok
test_clean_corpus_survives_canonical_reemission (tests.test_corpus.TestCorpusRoundTrip.test_clean_corpus_survives_canonical_reemission) ... ok
test_generated_length_matches_the_layout_engine (tests.test_corpus.TestCorpusRoundTrip.test_generated_length_matches_the_layout_engine) ... ok
test_generation_is_deterministic (tests.test_corpus.TestCorpusRoundTrip.test_generation_is_deterministic) ... ok
test_representation_change_becomes_a_value_change_through_a_redefines (tests.test_corpus.TestCorpusRoundTrip.test_representation_change_becomes_a_value_change_through_a_redefines) ... ok
test_variable_records_really_do_vary (tests.test_corpus.TestCorpusRoundTrip.test_variable_records_really_do_vary) ... ok
test_by_field_groups_array_elements (tests.test_corpus.TestDiffer.test_by_field_groups_array_elements) ... ok
test_identical_files (tests.test_corpus.TestDiffer.test_identical_files) ... ok
test_length_mismatch_stops_the_comparison (tests.test_corpus.TestDiffer.test_length_mismatch_stops_the_comparison) ... ok
test_value_change_is_reported_as_a_value_change (tests.test_corpus.TestDiffer.test_value_change_is_reported_as_a_value_change) ... ok
test_big_endian_signed (tests.test_layout.TestBinary.test_big_endian_signed) ... ok
test_scale_is_implied_not_stored (tests.test_layout.TestBinary.test_scale_is_implied_not_stored) ... ok
test_comment_lines_are_ignored (tests.test_layout.TestCopybook.test_comment_lines_are_ignored) ... ok
test_duplicate_names_rejected (tests.test_layout.TestCopybook.test_duplicate_names_rejected) ... ok
test_filler_may_repeat (tests.test_layout.TestCopybook.test_filler_may_repeat) ... ok
test_occurs_fixed (tests.test_layout.TestCopybook.test_occurs_fixed) ... ok
test_odo_control_must_precede_the_array (tests.test_layout.TestCopybook.test_odo_control_must_precede_the_array) ... ok
test_odo_length_depends_on_data (tests.test_layout.TestCopybook.test_odo_length_depends_on_data) ... ok
test_odo_on_unknown_field_rejected (tests.test_layout.TestCopybook.test_odo_on_unknown_field_rejected) ... ok
test_odo_without_range_rejected (tests.test_layout.TestCopybook.test_odo_without_range_rejected) ... ok
test_offsets_and_length (tests.test_layout.TestCopybook.test_offsets_and_length) ... ok
test_redefines_overlays_and_adds_no_length (tests.test_layout.TestCopybook.test_redefines_overlays_and_adds_no_length) ... ok
test_sequence_numbered_comment_in_column_seven (tests.test_layout.TestCopybook.test_sequence_numbered_comment_in_column_seven) ... ok
test_code_pages_disagree_silently (tests.test_layout.TestEbcdic.test_code_pages_disagree_silently) ... ok
test_known_bytes (tests.test_layout.TestEbcdic.test_known_bytes) ... ok
test_letters_and_digits_agree (tests.test_layout.TestEbcdic.test_letters_and_digits_agree) ... ok
test_round_trip (tests.test_layout.TestEbcdic.test_round_trip) ... ok
test_alternate_sign_nibbles_are_valid (tests.test_layout.TestPacked.test_alternate_sign_nibbles_are_valid) ... ok
test_even_digits_pad_a_leading_nibble (tests.test_layout.TestPacked.test_even_digits_pad_a_leading_nibble) ... ok
test_known_encoding (tests.test_layout.TestPacked.test_known_encoding) ... ok
test_length_formula (tests.test_layout.TestPacked.test_length_formula) ... ok
test_negative_zero_is_a_distinct_encoding (tests.test_layout.TestPacked.test_negative_zero_is_a_distinct_encoding) ... ok
test_overflow_is_an_error_not_a_truncation (tests.test_layout.TestPacked.test_overflow_is_an_error_not_a_truncation) ... ok
test_rejects_bad_sign (tests.test_layout.TestPacked.test_rejects_bad_sign) ... ok
test_rejects_non_digit_nibble (tests.test_layout.TestPacked.test_rejects_non_digit_nibble) ... ok
test_unsigned_uses_f (tests.test_layout.TestPacked.test_unsigned_uses_f) ... ok
test_accepts_pic_prefix_and_is (tests.test_layout.TestPicture.test_accepts_pic_prefix_and_is) ... ok
test_comp3_storage (tests.test_layout.TestPicture.test_comp3_storage) ... ok
test_comp_storage_bands (tests.test_layout.TestPicture.test_comp_storage_bands) ... ok
test_implied_decimal_takes_no_storage (tests.test_layout.TestPicture.test_implied_decimal_takes_no_storage) ... ok
test_rejects_mixed_categories (tests.test_layout.TestPicture.test_rejects_mixed_categories) ... ok
test_rejects_scaling_position (tests.test_layout.TestPicture.test_rejects_scaling_position) ... ok
test_rejects_sign_on_text (tests.test_layout.TestPicture.test_rejects_sign_on_text) ... ok
test_repeated_symbols_without_parens (tests.test_layout.TestPicture.test_repeated_symbols_without_parens) ... ok
test_simple_text (tests.test_layout.TestPicture.test_simple_text) ... ok
test_decode (tests.test_layout.TestRecord.test_decode) ... ok
test_non_canonical_listing (tests.test_layout.TestRecord.test_non_canonical_listing) ... ok
test_round_trip_preserves_alternate_sign (tests.test_layout.TestRecord.test_round_trip_preserves_alternate_sign) ... ok
test_short_record_is_an_error (tests.test_layout.TestRecord.test_short_record_is_an_error) ... ok
test_all_spaces_round_trip (tests.test_layout.TestZoned.test_all_spaces_round_trip) ... ok
test_f_zone_positive_is_common_but_not_canonical (tests.test_layout.TestZoned.test_f_zone_positive_is_common_but_not_canonical) ... ok
test_known_encoding (tests.test_layout.TestZoned.test_known_encoding) ... ok
test_overpunch_round_trip (tests.test_layout.TestZoned.test_overpunch_round_trip) ... ok
test_rejects_non_digit (tests.test_layout.TestZoned.test_rejects_non_digit) ... ok
test_spaces_decode_as_zero_and_are_remembered (tests.test_layout.TestZoned.test_spaces_decode_as_zero_and_are_remembered) ... ok

----------------------------------------------------------------------
Ran 61 tests in 3.786s

OK
