== interpreter ==
Python 3.12.10
numpy 2.5.2

== compile all modules ==
clean

== pytest ==
........................................................................ [ 19%]
........................................................................ [ 39%]
........................................................................ [ 59%]
........................................................................ [ 78%]
........................................................................ [ 98%]
......                                                                   [100%]
366 passed in 3.74s

== shared fixtures are not mutated ==
........................................................................ [ 45%]
........................................................................ [ 91%]
.............                                                            [100%]
157 passed in 3.25s
........................................................................ [ 45%]
........................................................................ [ 91%]
.............                                                            [100%]
157 passed in 3.22s

== report is reproducible ==
byte-identical to docs/results.md

== no open predictions ==
predictions: 12   findings: 12

all 6 stages passed -- 366 tests
